
> eetfp-mpg-results@0.0.0 build
> vite build

[36mvite v8.0.8 [32mbuilding client environment for production...[36m[39m
[2K
transforming...✓ 2181 modules transformed.
node.exe : [31m✗[39m Build failed in 8.91s
Au caractère C:\Program Files\nodejs\npm.ps1:29 : 3
+   & $NODE_EXE $NPM_CLI_JS $args
+   ~~~~~~~~~~~~~~~~~~~~~~~~~~~~~
    + CategoryInfo          : NotSpecified: ([31m✗[39m Build failed in 8.91s:String) [], RemoteException
    + FullyQualifiedErrorId : NativeCommandError
 
[31merror during build:
[31mBuild failed with 1 error:

[31m[builtin:vite-transform] Error:[0m Encountered diff marker
    [38;5;246m╭[0m[38;5;246m─[0m[38;5;246m[[0m src/pages/CandidatPage.jsx:6:1 [38;5;246m][0m
    [38;5;246m│[0m
 [38;5;246m 6 │[0m <<<<<<<[38;5;249m [0m[38;5;249mH[0m[38;5;249mE[0m[38;5;249mA[0m[38;5;249mD[0m
 [38;5;240m   │[0m ───┬───  
 [38;5;240m   │[0m    ╰───── between this marker and `=======` is the code that we're merging into
 [38;5;240m   │[0m 
 [38;5;246m24 │[0m =======
 [38;5;240m   │[0m ───┬───  
 [38;5;240m   │[0m    ╰───── between this marker and `>>>>>>>` is the incoming code
 [38;5;240m   │[0m 
 [38;5;246m36 │[0m >>>>>>>[38;5;249m [0m[38;5;249m3[0m[38;5;249m8[0m[38;5;249m8[0m[38;5;249m9[0m[38;5;249m
7[0m[38;5;249m6[0m[38;5;249me[0m[38;5;249mc[0m[38;5;249mf[0m[38;5;249m0[0m[38;5;249mf[0m[38;5;249m6[0m[
38;5;249md[0m[38;5;249m0[0m[38;5;249m7[0m[38;5;249m0[0m[38;5;249me[0m[38;5;249m6[0m[38;5;249md[0m[38;5;24
9m3[0m[38;5;249m1[0m[38;5;249m4[0m[38;5;249mb[0m[38;5;249m6[0m[38;5;249m3[0m[38;5;249m4[0m[38;5;249m3[0m
[38;5;249m1[0m[38;5;249m9[0m[38;5;249ma[0m[38;5;249m0[0m[38;5;249mb[0m[38;5;249ma[0m[38;5;249m6[0m[38;5;
249m2[0m[38;5;249mc[0m[38;5;249m1[0m[38;5;249m2[0m[38;5;249m8[0m[38;5;249m6[0m
 [38;5;240m   │[0m ───┬───  
 [38;5;240m   │[0m    ╰───── this marker concludes the conflict region
 [38;5;240m   │[0m 
 [38;5;240m   │[0m [38;5;115mHelp[0m: Conflict markers indicate that a merge was started but could not be 
completed due to merge conflicts.
 [38;5;240m   │[0m       To resolve a conflict, keep only the code you want and then delete the lines containing 
conflict markers.
 [38;5;240m   │[0m       If you're having merge conflicts after pulling new code, the top section is the code you 
already had and the bottom section is the remote code.
 [38;5;240m   │[0m       If you're in the middle of a rebase, the top section is the code being rebased onto and the 
bottom section is the code coming from the current commit being rebased.
 [38;5;240m   │[0m       If you have nested conflicts, resolve the outermost conflict first.
[38;5;246m────╯[0m
[31m
    at aggregateBindingErrorsIntoJsError 
(file:///C:/MPG/MPG-Result/node_modules/rolldown/dist/shared/error-w0u7biK-.mjs:48:18)
    at unwrapBindingResult (file:///C:/MPG/MPG-Result/node_modules/rolldown/dist/shared/error-w0u7biK-.mjs:18:128)
    at #build (file:///C:/MPG/MPG-Result/node_modules/rolldown/dist/shared/rolldown-build-DtGk-m96.mjs:3313:34)
    at async buildEnvironment (file:///C:/MPG/MPG-Result/node_modules/vite/dist/node/chunks/node.js:32954:64)
    at async Object.build (file:///C:/MPG/MPG-Result/node_modules/vite/dist/node/chunks/node.js:33376:19)
    at async Object.buildApp (file:///C:/MPG/MPG-Result/node_modules/vite/dist/node/chunks/node.js:33373:153)
    at async CAC.<anonymous> (file:///C:/MPG/MPG-Result/node_modules/vite/dist/node/cli.js:778:3) {
  errors: [Getter/Setter]
}[39m
